Archive member included because of file (symbol)

c:/altera/13.0sp1/nios2eds/bin/gnu/h-i686-mingw32/bin/../lib/gcc/nios2-elf/4.1.2/../../../../nios2-elf/lib\libsmallc.a(lib_a-printf.o)
                              obj/default/hello_world.o (printf)
c:/altera/13.0sp1/nios2eds/bin/gnu/h-i686-mingw32/bin/../lib/gcc/nios2-elf/4.1.2/../../../../nios2-elf/lib\libsmallc.a(lib_a-puts.o)
                              obj/default/hello_world.o (puts)
c:/altera/13.0sp1/nios2eds/bin/gnu/h-i686-mingw32/bin/../lib/gcc/nios2-elf/4.1.2/../../../../nios2-elf/lib\libsmallc.a(lib_a-strlen.o)
                              c:/altera/13.0sp1/nios2eds/bin/gnu/h-i686-mingw32/bin/../lib/gcc/nios2-elf/4.1.2/../../../../nios2-elf/lib\libsmallc.a(lib_a-puts.o) (strlen)
c:/altera/13.0sp1/nios2eds/bin/gnu/h-i686-mingw32/bin/../lib/gcc/nios2-elf/4.1.2/../../../../nios2-elf/lib\libsmallc.a(lib_a-vfprintf.o)
                              c:/altera/13.0sp1/nios2eds/bin/gnu/h-i686-mingw32/bin/../lib/gcc/nios2-elf/4.1.2/../../../../nios2-elf/lib\libsmallc.a(lib_a-printf.o) (___vfprintf_internal_r)
c:/altera/13.0sp1/nios2eds/bin/gnu/h-i686-mingw32/bin/../lib/gcc/nios2-elf/4.1.2/../../../../nios2-elf/lib\libsmallc.a(lib_a-fvwrite_small_dev.o)
                              c:/altera/13.0sp1/nios2eds/bin/gnu/h-i686-mingw32/bin/../lib/gcc/nios2-elf/4.1.2/../../../../nios2-elf/lib\libsmallc.a(lib_a-printf.o) (__sfvwrite_small_dev)
c:/altera/13.0sp1/nios2eds/bin/gnu/h-i686-mingw32/bin/../lib/gcc/nios2-elf/4.1.2/../../../../nios2-elf/lib\libsmallc.a(lib_a-impure.o)
                              c:/altera/13.0sp1/nios2eds/bin/gnu/h-i686-mingw32/bin/../lib/gcc/nios2-elf/4.1.2/../../../../nios2-elf/lib\libsmallc.a(lib_a-printf.o) (_impure_ptr)
c:/altera/13.0sp1/nios2eds/bin/gnu/h-i686-mingw32/bin/../lib/gcc/nios2-elf/4.1.2/../../../../nios2-elf/lib\libsmallc.a(lib_a-writer.o)
                              c:/altera/13.0sp1/nios2eds/bin/gnu/h-i686-mingw32/bin/../lib/gcc/nios2-elf/4.1.2/../../../../nios2-elf/lib\libsmallc.a(lib_a-fvwrite_small_dev.o) (_write_r)
c:/altera/13.0sp1/nios2eds/bin/gnu/h-i686-mingw32/bin/../lib/gcc/nios2-elf/4.1.2/../../../../nios2-elf/lib\libsmallc.a(lib_a-int_errno.o)
                              c:/altera/13.0sp1/nios2eds/bin/gnu/h-i686-mingw32/bin/../lib/gcc/nios2-elf/4.1.2/../../../../nios2-elf/lib\libsmallc.a(lib_a-writer.o) (errno)
c:/altera/13.0sp1/nios2eds/bin/gnu/h-i686-mingw32/bin/../lib/gcc/nios2-elf/4.1.2\libgcc.a(lib2-divmod.o)
                              c:/altera/13.0sp1/nios2eds/bin/gnu/h-i686-mingw32/bin/../lib/gcc/nios2-elf/4.1.2/../../../../nios2-elf/lib\libsmallc.a(lib_a-vfprintf.o) (__udivsi3)
../memory_test_bsp/\libhal_bsp.a(alt_load.o)
                              ../memory_test_bsp//obj/HAL/src/crt0.o (alt_load)
../memory_test_bsp/\libhal_bsp.a(alt_main.o)
                              ../memory_test_bsp//obj/HAL/src/crt0.o (alt_main)
../memory_test_bsp/\libhal_bsp.a(alt_write.o)
                              c:/altera/13.0sp1/nios2eds/bin/gnu/h-i686-mingw32/bin/../lib/gcc/nios2-elf/4.1.2/../../../../nios2-elf/lib\libsmallc.a(lib_a-writer.o) (write)
../memory_test_bsp/\libhal_bsp.a(alt_sys_init.o)
                              ../memory_test_bsp/\libhal_bsp.a(alt_write.o) (jtag_uart_0)
../memory_test_bsp/\libhal_bsp.a(altera_avalon_jtag_uart_write.o)
                              ../memory_test_bsp/\libhal_bsp.a(alt_write.o) (altera_avalon_jtag_uart_write)
../memory_test_bsp/\libhal_bsp.a(alt_dcache_flush_all.o)
                              ../memory_test_bsp/\libhal_bsp.a(alt_load.o) (alt_dcache_flush_all)
../memory_test_bsp/\libhal_bsp.a(alt_errno.o)
                              ../memory_test_bsp/\libhal_bsp.a(alt_write.o) (alt_errno)
../memory_test_bsp/\libhal_bsp.a(alt_icache_flush_all.o)
                              ../memory_test_bsp/\libhal_bsp.a(alt_load.o) (alt_icache_flush_all)
../memory_test_bsp/\libhal_bsp.a(altera_nios2_qsys_irq.o)
                              ../memory_test_bsp/\libhal_bsp.a(alt_sys_init.o) (altera_nios2_qsys_irq_init)
../memory_test_bsp/\libhal_bsp.a(alt_icache_flush.o)
                              ../memory_test_bsp/\libhal_bsp.a(alt_icache_flush_all.o) (alt_icache_flush)

Allocating common symbols
Common symbol       size              file

readShort           0x2               obj/default/hello_world.o
readChar            0x1               obj/default/hello_world.o
errno               0x4               c:/altera/13.0sp1/nios2eds/bin/gnu/h-i686-mingw32/bin/../lib/gcc/nios2-elf/4.1.2/../../../../nios2-elf/lib\libsmallc.a(lib_a-int_errno.o)
readInt             0x4               obj/default/hello_world.o

Memory Configuration

Name             Origin             Length             Attributes
reset            0x00108000         0x00000020
onchip_memory2_0 0x00108020         0x00007fe0
*default*        0x00000000         0xffffffff

Linker script and memory map

LOAD ../memory_test_bsp//obj/HAL/src/crt0.o
                0x0010801c                exit = _exit
LOAD obj/default/hello_world.o
LOAD c:/altera/13.0sp1/nios2eds/bin/gnu/h-i686-mingw32/bin/../lib/gcc/nios2-elf/4.1.2/../../../../nios2-elf/lib\libstdc++.a
LOAD c:/altera/13.0sp1/nios2eds/bin/gnu/h-i686-mingw32/bin/../lib/gcc/nios2-elf/4.1.2/../../../../nios2-elf/lib\libm.a
LOAD c:/altera/13.0sp1/nios2eds/bin/gnu/h-i686-mingw32/bin/../lib/gcc/nios2-elf/4.1.2\libgcc.a
START GROUP
LOAD c:/altera/13.0sp1/nios2eds/bin/gnu/h-i686-mingw32/bin/../lib/gcc/nios2-elf/4.1.2/../../../../nios2-elf/lib\libsmallc.a
LOAD c:/altera/13.0sp1/nios2eds/bin/gnu/h-i686-mingw32/bin/../lib/gcc/nios2-elf/4.1.2\libgcc.a
LOAD ../memory_test_bsp/\libhal_bsp.a
END GROUP
LOAD c:/altera/13.0sp1/nios2eds/bin/gnu/h-i686-mingw32/bin/../lib/gcc/nios2-elf/4.1.2\libgcc.a
                0x00108000                __alt_mem_onchip_memory2_0 = 0x108000

.entry          0x00108000       0x20
 *(.entry)
 .entry         0x00108000       0x20 ../memory_test_bsp//obj/HAL/src/crt0.o
                0x00108000                __reset
                0x0010801c                _exit

.exceptions     0x00108020        0x0
                0x00108020                PROVIDE (__ram_exceptions_start, ABSOLUTE (.))
                0x00108020                . = ALIGN (0x20)
 *(.irq)
 *(.exceptions.entry.label)
 *(.exceptions.entry.user)
 *(.exceptions.entry)
 *(.exceptions.irqtest.user)
 *(.exceptions.irqtest)
 *(.exceptions.irqhandler.user)
 *(.exceptions.irqhandler)
 *(.exceptions.irqreturn.user)
 *(.exceptions.irqreturn)
 *(.exceptions.notirq.label)
 *(.exceptions.notirq.user)
 *(.exceptions.notirq)
 *(.exceptions.soft.user)
 *(.exceptions.soft)
 *(.exceptions.unknown.user)
 *(.exceptions.unknown)
 *(.exceptions.exit.label)
 *(.exceptions.exit.user)
 *(.exceptions.exit)
 *(.exceptions)
                0x00108020                PROVIDE (__ram_exceptions_end, ABSOLUTE (.))
                0x00108020                PROVIDE (__flash_exceptions_start, LOADADDR (.exceptions))

.text           0x00108020     0x1200
                0x00108020                PROVIDE (stext, ABSOLUTE (.))
 *(.interp)
 *(.hash)
 *(.dynsym)
 *(.dynstr)
 *(.gnu.version)
 *(.gnu.version_d)
 *(.gnu.version_r)
 *(.rel.init)
 *(.rela.init)
 *(.rel.text .rel.text.* .rel.gnu.linkonce.t.*)
 *(.rela.text .rela.text.* .rela.gnu.linkonce.t.*)
 *(.rel.fini)
 *(.rela.fini)
 *(.rel.rodata .rel.rodata.* .rel.gnu.linkonce.r.*)
 *(.rela.rodata .rela.rodata.* .rela.gnu.linkonce.r.*)
 *(.rel.data .rel.data.* .rel.gnu.linkonce.d.*)
 *(.rela.data .rela.data.* .rela.gnu.linkonce.d.*)
 *(.rel.tdata .rel.tdata.* .rel.gnu.linkonce.td.*)
 *(.rela.tdata .rela.tdata.* .rela.gnu.linkonce.td.*)
 *(.rel.tbss .rel.tbss.* .rel.gnu.linkonce.tb.*)
 *(.rela.tbss .rela.tbss.* .rela.gnu.linkonce.tb.*)
 *(.rel.ctors)
 *(.rela.ctors)
 *(.rel.dtors)
 *(.rela.dtors)
 *(.rel.got)
 *(.rela.got)
 *(.rel.sdata .rel.sdata.* .rel.gnu.linkonce.s.*)
 *(.rela.sdata .rela.sdata.* .rela.gnu.linkonce.s.*)
 *(.rel.sbss .rel.sbss.* .rel.gnu.linkonce.sb.*)
 *(.rela.sbss .rela.sbss.* .rela.gnu.linkonce.sb.*)
 *(.rel.sdata2 .rel.sdata2.* .rel.gnu.linkonce.s2.*)
 *(.rela.sdata2 .rela.sdata2.* .rela.gnu.linkonce.s2.*)
 *(.rel.sbss2 .rel.sbss2.* .rel.gnu.linkonce.sb2.*)
 *(.rela.sbss2 .rela.sbss2.* .rela.gnu.linkonce.sb2.*)
 *(.rel.bss .rel.bss.* .rel.gnu.linkonce.b.*)
 *(.rela.bss .rela.bss.* .rela.gnu.linkonce.b.*)
 *(.rel.plt)
 *(.rela.plt)
 *(.rel.dyn)
 *(.init)
 *(.plt)
 *(.text .stub .text.* .gnu.linkonce.t.*)
 .text          0x00108020       0x4c ../memory_test_bsp//obj/HAL/src/crt0.o
                0x00108020                _start
 .text          0x0010806c      0x2b0 obj/default/hello_world.o
                0x0010806c                main
 .text          0x0010831c       0x98 c:/altera/13.0sp1/nios2eds/bin/gnu/h-i686-mingw32/bin/../lib/gcc/nios2-elf/4.1.2/../../../../nios2-elf/lib\libsmallc.a(lib_a-printf.o)
                0x0010831c                printf
                0x00108370                _printf_r
 .text          0x001083b4       0xa4 c:/altera/13.0sp1/nios2eds/bin/gnu/h-i686-mingw32/bin/../lib/gcc/nios2-elf/4.1.2/../../../../nios2-elf/lib\libsmallc.a(lib_a-puts.o)
                0x001083b4                _puts_r
                0x00108444                puts
 .text          0x00108458       0x20 c:/altera/13.0sp1/nios2eds/bin/gnu/h-i686-mingw32/bin/../lib/gcc/nios2-elf/4.1.2/../../../../nios2-elf/lib\libsmallc.a(lib_a-strlen.o)
                0x00108458                strlen
 .text          0x00108478      0x6d4 c:/altera/13.0sp1/nios2eds/bin/gnu/h-i686-mingw32/bin/../lib/gcc/nios2-elf/4.1.2/../../../../nios2-elf/lib\libsmallc.a(lib_a-vfprintf.o)
                0x001084f8                ___vfprintf_internal_r
                0x00108b28                __vfprintf_internal
 .text          0x00108b4c       0xbc c:/altera/13.0sp1/nios2eds/bin/gnu/h-i686-mingw32/bin/../lib/gcc/nios2-elf/4.1.2/../../../../nios2-elf/lib\libsmallc.a(lib_a-fvwrite_small_dev.o)
                0x00108b4c                __sfvwrite_small_dev
 .text          0x00108c08        0x0 c:/altera/13.0sp1/nios2eds/bin/gnu/h-i686-mingw32/bin/../lib/gcc/nios2-elf/4.1.2/../../../../nios2-elf/lib\libsmallc.a(lib_a-impure.o)
 .text          0x00108c08       0x78 c:/altera/13.0sp1/nios2eds/bin/gnu/h-i686-mingw32/bin/../lib/gcc/nios2-elf/4.1.2/../../../../nios2-elf/lib\libsmallc.a(lib_a-writer.o)
                0x00108c08                _write_r
 .text          0x00108c80        0x0 c:/altera/13.0sp1/nios2eds/bin/gnu/h-i686-mingw32/bin/../lib/gcc/nios2-elf/4.1.2/../../../../nios2-elf/lib\libsmallc.a(lib_a-int_errno.o)
 .text          0x00108c80      0x14c c:/altera/13.0sp1/nios2eds/bin/gnu/h-i686-mingw32/bin/../lib/gcc/nios2-elf/4.1.2\libgcc.a(lib2-divmod.o)
                0x00108cfc                __divsi3
                0x00108d5c                __modsi3
                0x00108dbc                __udivsi3
                0x00108dc4                __umodsi3
 .text          0x00108dcc       0xec ../memory_test_bsp/\libhal_bsp.a(alt_load.o)
                0x00108dcc                alt_load
 .text          0x00108eb8       0x40 ../memory_test_bsp/\libhal_bsp.a(alt_main.o)
                0x00108eb8                alt_main
 .text          0x00108ef8      0x110 ../memory_test_bsp/\libhal_bsp.a(alt_write.o)
                0x00108ef8                write
 .text          0x00109008       0x50 ../memory_test_bsp/\libhal_bsp.a(alt_sys_init.o)
                0x00109008                alt_irq_init
                0x0010903c                alt_sys_init
 .text          0x00109058       0xa4 ../memory_test_bsp/\libhal_bsp.a(altera_avalon_jtag_uart_write.o)
                0x00109058                altera_avalon_jtag_uart_write
 .text          0x001090fc       0x44 ../memory_test_bsp/\libhal_bsp.a(alt_dcache_flush_all.o)
                0x001090fc                alt_dcache_flush_all
 .text          0x00109140        0x0 ../memory_test_bsp/\libhal_bsp.a(alt_errno.o)
 .text          0x00109140       0x30 ../memory_test_bsp/\libhal_bsp.a(alt_icache_flush_all.o)
                0x00109140                alt_icache_flush_all
 .text          0x00109170       0x20 ../memory_test_bsp/\libhal_bsp.a(altera_nios2_qsys_irq.o)
                0x00109170                altera_nios2_qsys_irq_init
 .text          0x00109190       0x90 ../memory_test_bsp/\libhal_bsp.a(alt_icache_flush.o)
                0x00109190                alt_icache_flush
 *(.gnu.warning.*)
 *(.fini)
                0x00109220                PROVIDE (__etext, ABSOLUTE (.))
                0x00109220                PROVIDE (_etext, ABSOLUTE (.))
                0x00109220                PROVIDE (etext, ABSOLUTE (.))
 *(.eh_frame_hdr)
                0x00109220                . = ALIGN (0x4)
                0x00109220                PROVIDE (__preinit_array_start, ABSOLUTE (.))
 *(.preinit_array)
                0x00109220                PROVIDE (__preinit_array_end, ABSOLUTE (.))
                0x00109220                PROVIDE (__init_array_start, ABSOLUTE (.))
 *(.init_array)
                0x00109220                PROVIDE (__init_array_end, ABSOLUTE (.))
                0x00109220                PROVIDE (__fini_array_start, ABSOLUTE (.))
 *(.fini_array)
                0x00109220                PROVIDE (__fini_array_end, ABSOLUTE (.))
 *(.eh_frame)
 *(.gcc_except_table)
 *(.dynamic)
                0x00109220                PROVIDE (__CTOR_LIST__, ABSOLUTE (.))
 *(.ctors)
 *(SORT(.ctors.*))
                0x00109220                PROVIDE (__CTOR_END__, ABSOLUTE (.))
                0x00109220                PROVIDE (__DTOR_LIST__, ABSOLUTE (.))
 *(.dtors)
 *(SORT(.dtors.*))
                0x00109220                PROVIDE (__DTOR_END__, ABSOLUTE (.))
 *(.jcr)
                0x00109220                . = ALIGN (0x4)

.rodata         0x00109220       0xd8
                0x00109220                PROVIDE (__ram_rodata_start, ABSOLUTE (.))
                0x00109220                . = ALIGN (0x4)
 *(.rodata .rodata.* .gnu.linkonce.r.*)
 .rodata        0x00109220       0xd4 obj/default/hello_world.o
 .rodata.str1.4
                0x001092f4        0x4 c:/altera/13.0sp1/nios2eds/bin/gnu/h-i686-mingw32/bin/../lib/gcc/nios2-elf/4.1.2/../../../../nios2-elf/lib\libsmallc.a(lib_a-puts.o)
 *(.rodata1)
                0x001092f8                . = ALIGN (0x4)
                0x001092f8                PROVIDE (__ram_rodata_end, ABSOLUTE (.))
                0x00109220                PROVIDE (__flash_rodata_start, LOADADDR (.rodata))

.rwdata         0x001092f8      0x124 load address 0x0010941c
                0x001092f8                PROVIDE (__ram_rwdata_start, ABSOLUTE (.))
                0x001092f8                . = ALIGN (0x4)
 *(.got.plt)
 *(.got)
 *(.data1)
 *(.data .data.* .gnu.linkonce.d.*)
 .data          0x001092f8        0x0 ../memory_test_bsp//obj/HAL/src/crt0.o
 .data          0x001092f8       0x20 obj/default/hello_world.o
                0x001092f8                writeShort
                0x00109304                writeInt
 .data          0x00109318        0x0 c:/altera/13.0sp1/nios2eds/bin/gnu/h-i686-mingw32/bin/../lib/gcc/nios2-elf/4.1.2/../../../../nios2-elf/lib\libsmallc.a(lib_a-printf.o)
 .data          0x00109318        0x0 c:/altera/13.0sp1/nios2eds/bin/gnu/h-i686-mingw32/bin/../lib/gcc/nios2-elf/4.1.2/../../../../nios2-elf/lib\libsmallc.a(lib_a-puts.o)
 .data          0x00109318        0x0 c:/altera/13.0sp1/nios2eds/bin/gnu/h-i686-mingw32/bin/../lib/gcc/nios2-elf/4.1.2/../../../../nios2-elf/lib\libsmallc.a(lib_a-strlen.o)
 .data          0x00109318        0x0 c:/altera/13.0sp1/nios2eds/bin/gnu/h-i686-mingw32/bin/../lib/gcc/nios2-elf/4.1.2/../../../../nios2-elf/lib\libsmallc.a(lib_a-vfprintf.o)
 .data          0x00109318        0x0 c:/altera/13.0sp1/nios2eds/bin/gnu/h-i686-mingw32/bin/../lib/gcc/nios2-elf/4.1.2/../../../../nios2-elf/lib\libsmallc.a(lib_a-fvwrite_small_dev.o)
 .data          0x00109318       0xe0 c:/altera/13.0sp1/nios2eds/bin/gnu/h-i686-mingw32/bin/../lib/gcc/nios2-elf/4.1.2/../../../../nios2-elf/lib\libsmallc.a(lib_a-impure.o)
 .data          0x001093f8        0x0 c:/altera/13.0sp1/nios2eds/bin/gnu/h-i686-mingw32/bin/../lib/gcc/nios2-elf/4.1.2/../../../../nios2-elf/lib\libsmallc.a(lib_a-writer.o)
 .data          0x001093f8        0x0 c:/altera/13.0sp1/nios2eds/bin/gnu/h-i686-mingw32/bin/../lib/gcc/nios2-elf/4.1.2/../../../../nios2-elf/lib\libsmallc.a(lib_a-int_errno.o)
 .data          0x001093f8        0x0 c:/altera/13.0sp1/nios2eds/bin/gnu/h-i686-mingw32/bin/../lib/gcc/nios2-elf/4.1.2\libgcc.a(lib2-divmod.o)
 .data          0x001093f8        0x0 ../memory_test_bsp/\libhal_bsp.a(alt_load.o)
 .data          0x001093f8        0x0 ../memory_test_bsp/\libhal_bsp.a(alt_main.o)
 .data          0x001093f8        0x0 ../memory_test_bsp/\libhal_bsp.a(alt_write.o)
 .data          0x001093f8        0x0 ../memory_test_bsp/\libhal_bsp.a(alt_sys_init.o)
 .data          0x001093f8        0x0 ../memory_test_bsp/\libhal_bsp.a(altera_avalon_jtag_uart_write.o)
 .data          0x001093f8        0x0 ../memory_test_bsp/\libhal_bsp.a(alt_dcache_flush_all.o)
 .data          0x001093f8        0x0 ../memory_test_bsp/\libhal_bsp.a(alt_errno.o)
 .data          0x001093f8        0x0 ../memory_test_bsp/\libhal_bsp.a(alt_icache_flush_all.o)
 .data          0x001093f8        0x0 ../memory_test_bsp/\libhal_bsp.a(altera_nios2_qsys_irq.o)
 .data          0x001093f8        0x0 ../memory_test_bsp/\libhal_bsp.a(alt_icache_flush.o)
                0x001113f8                _gp = ABSOLUTE ((. + 0x8000))
                0x001113f8                PROVIDE (gp, _gp)
 *(.rwdata .rwdata.*)
 *(.sdata .sdata.* .gnu.linkonce.s.*)
 .sdata         0x001093f8       0x14 obj/default/hello_world.o
                0x001093f8                writeChar
                0x00109400                charBase
                0x00109404                shortBase
                0x00109408                intBase
 .sdata         0x0010940c        0x8 c:/altera/13.0sp1/nios2eds/bin/gnu/h-i686-mingw32/bin/../lib/gcc/nios2-elf/4.1.2/../../../../nios2-elf/lib\libsmallc.a(lib_a-impure.o)
                0x0010940c                _impure_ptr
                0x00109410                _global_impure_ptr
 .sdata         0x00109414        0x4 ../memory_test_bsp/\libhal_bsp.a(alt_sys_init.o)
                0x00109414                jtag_uart_0
 .sdata         0x00109418        0x4 ../memory_test_bsp/\libhal_bsp.a(alt_errno.o)
                0x00109418                alt_errno
 *(.sdata2 .sdata2.* .gnu.linkonce.s2.*)
                0x0010941c                . = ALIGN (0x4)
                0x0010941c                _edata = ABSOLUTE (.)
                0x0010941c                PROVIDE (edata, ABSOLUTE (.))
                0x0010941c                PROVIDE (__ram_rwdata_end, ABSOLUTE (.))
                0x0010941c                PROVIDE (__flash_rwdata_start, LOADADDR (.rwdata))

.bss            0x00109540       0x18
                0x00109540                __bss_start = ABSOLUTE (.)
                0x00109540                PROVIDE (__sbss_start, ABSOLUTE (.))
                0x00109540                PROVIDE (___sbss_start, ABSOLUTE (.))
 *(.dynsbss)
 *(.sbss .sbss.* .gnu.linkonce.sb.*)
 .sbss          0x00109540        0x8 obj/default/hello_world.o
                0x00109540                readShort
                0x00109542                readChar
                0x00109544                readInt
 .sbss          0x00109548        0x4 c:/altera/13.0sp1/nios2eds/bin/gnu/h-i686-mingw32/bin/../lib/gcc/nios2-elf/4.1.2/../../../../nios2-elf/lib\libsmallc.a(lib_a-int_errno.o)
                0x00109548                errno
 .sbss          0x0010954c        0xc ../memory_test_bsp/\libhal_bsp.a(alt_main.o)
                0x0010954c                alt_argc
                0x00109550                alt_argv
                0x00109554                alt_envp
 *(.sbss2 .sbss2.* .gnu.linkonce.sb2.*)
 *(.scommon)
                0x00109558                PROVIDE (__sbss_end, ABSOLUTE (.))
                0x00109558                PROVIDE (___sbss_end, ABSOLUTE (.))
 *(.dynbss)
 *(.bss .bss.* .gnu.linkonce.b.*)
 .bss           0x00109558        0x0 ../memory_test_bsp//obj/HAL/src/crt0.o
 .bss           0x00109558        0x0 obj/default/hello_world.o
 .bss           0x00109558        0x0 c:/altera/13.0sp1/nios2eds/bin/gnu/h-i686-mingw32/bin/../lib/gcc/nios2-elf/4.1.2/../../../../nios2-elf/lib\libsmallc.a(lib_a-printf.o)
 .bss           0x00109558        0x0 c:/altera/13.0sp1/nios2eds/bin/gnu/h-i686-mingw32/bin/../lib/gcc/nios2-elf/4.1.2/../../../../nios2-elf/lib\libsmallc.a(lib_a-puts.o)
 .bss           0x00109558        0x0 c:/altera/13.0sp1/nios2eds/bin/gnu/h-i686-mingw32/bin/../lib/gcc/nios2-elf/4.1.2/../../../../nios2-elf/lib\libsmallc.a(lib_a-strlen.o)
 .bss           0x00109558        0x0 c:/altera/13.0sp1/nios2eds/bin/gnu/h-i686-mingw32/bin/../lib/gcc/nios2-elf/4.1.2/../../../../nios2-elf/lib\libsmallc.a(lib_a-vfprintf.o)
 .bss           0x00109558        0x0 c:/altera/13.0sp1/nios2eds/bin/gnu/h-i686-mingw32/bin/../lib/gcc/nios2-elf/4.1.2/../../../../nios2-elf/lib\libsmallc.a(lib_a-fvwrite_small_dev.o)
 .bss           0x00109558        0x0 c:/altera/13.0sp1/nios2eds/bin/gnu/h-i686-mingw32/bin/../lib/gcc/nios2-elf/4.1.2/../../../../nios2-elf/lib\libsmallc.a(lib_a-impure.o)
 .bss           0x00109558        0x0 c:/altera/13.0sp1/nios2eds/bin/gnu/h-i686-mingw32/bin/../lib/gcc/nios2-elf/4.1.2/../../../../nios2-elf/lib\libsmallc.a(lib_a-writer.o)
 .bss           0x00109558        0x0 c:/altera/13.0sp1/nios2eds/bin/gnu/h-i686-mingw32/bin/../lib/gcc/nios2-elf/4.1.2/../../../../nios2-elf/lib\libsmallc.a(lib_a-int_errno.o)
 .bss           0x00109558        0x0 c:/altera/13.0sp1/nios2eds/bin/gnu/h-i686-mingw32/bin/../lib/gcc/nios2-elf/4.1.2\libgcc.a(lib2-divmod.o)
 .bss           0x00109558        0x0 ../memory_test_bsp/\libhal_bsp.a(alt_load.o)
 .bss           0x00109558        0x0 ../memory_test_bsp/\libhal_bsp.a(alt_main.o)
 .bss           0x00109558        0x0 ../memory_test_bsp/\libhal_bsp.a(alt_write.o)
 .bss           0x00109558        0x0 ../memory_test_bsp/\libhal_bsp.a(alt_sys_init.o)
 .bss           0x00109558        0x0 ../memory_test_bsp/\libhal_bsp.a(altera_avalon_jtag_uart_write.o)
 .bss           0x00109558        0x0 ../memory_test_bsp/\libhal_bsp.a(alt_dcache_flush_all.o)
 .bss           0x00109558        0x0 ../memory_test_bsp/\libhal_bsp.a(alt_errno.o)
 .bss           0x00109558        0x0 ../memory_test_bsp/\libhal_bsp.a(alt_icache_flush_all.o)
 .bss           0x00109558        0x0 ../memory_test_bsp/\libhal_bsp.a(altera_nios2_qsys_irq.o)
 .bss           0x00109558        0x0 ../memory_test_bsp/\libhal_bsp.a(alt_icache_flush.o)
 *(COMMON)
                0x00109558                . = ALIGN (0x4)
                0x00109558                __bss_end = ABSOLUTE (.)

.onchip_memory2_0
                0x00109558        0x0
                0x00109558                PROVIDE (_alt_partition_onchip_memory2_0_start, ABSOLUTE (.))
 *(.onchip_memory2_0. onchip_memory2_0.*)
                0x00109558                . = ALIGN (0x4)
                0x00109558                PROVIDE (_alt_partition_onchip_memory2_0_end, ABSOLUTE (.))
                0x00109558                _end = ABSOLUTE (.)
                0x00109558                end = ABSOLUTE (.)
                0x00109558                __alt_stack_base = ABSOLUTE (.)
                0x00109558                PROVIDE (_alt_partition_onchip_memory2_0_load_addr, LOADADDR (.onchip_memory2_0))

.stab
 *(.stab)

.stabstr
 *(.stabstr)

.stab.excl
 *(.stab.excl)

.stab.exclstr
 *(.stab.exclstr)

.stab.index
 *(.stab.index)

.stab.indexstr
 *(.stab.indexstr)

.comment        0x00000000       0x26
 *(.comment)
 .comment       0x00000000       0x26 obj/default/hello_world.o
                                 0x27 (size before relaxing)
 .comment       0x00000000       0x27 c:/altera/13.0sp1/nios2eds/bin/gnu/h-i686-mingw32/bin/../lib/gcc/nios2-elf/4.1.2/../../../../nios2-elf/lib\libsmallc.a(lib_a-printf.o)
 .comment       0x00000000       0x27 c:/altera/13.0sp1/nios2eds/bin/gnu/h-i686-mingw32/bin/../lib/gcc/nios2-elf/4.1.2/../../../../nios2-elf/lib\libsmallc.a(lib_a-puts.o)
 .comment       0x00000000       0x27 c:/altera/13.0sp1/nios2eds/bin/gnu/h-i686-mingw32/bin/../lib/gcc/nios2-elf/4.1.2/../../../../nios2-elf/lib\libsmallc.a(lib_a-strlen.o)
 .comment       0x00000000       0x27 c:/altera/13.0sp1/nios2eds/bin/gnu/h-i686-mingw32/bin/../lib/gcc/nios2-elf/4.1.2/../../../../nios2-elf/lib\libsmallc.a(lib_a-vfprintf.o)
 .comment       0x00000000       0x27 c:/altera/13.0sp1/nios2eds/bin/gnu/h-i686-mingw32/bin/../lib/gcc/nios2-elf/4.1.2/../../../../nios2-elf/lib\libsmallc.a(lib_a-fvwrite_small_dev.o)
 .comment       0x00000000       0x27 c:/altera/13.0sp1/nios2eds/bin/gnu/h-i686-mingw32/bin/../lib/gcc/nios2-elf/4.1.2/../../../../nios2-elf/lib\libsmallc.a(lib_a-impure.o)
 .comment       0x00000000       0x27 c:/altera/13.0sp1/nios2eds/bin/gnu/h-i686-mingw32/bin/../lib/gcc/nios2-elf/4.1.2/../../../../nios2-elf/lib\libsmallc.a(lib_a-writer.o)
 .comment       0x00000000       0x27 c:/altera/13.0sp1/nios2eds/bin/gnu/h-i686-mingw32/bin/../lib/gcc/nios2-elf/4.1.2/../../../../nios2-elf/lib\libsmallc.a(lib_a-int_errno.o)
 .comment       0x00000000       0x27 c:/altera/13.0sp1/nios2eds/bin/gnu/h-i686-mingw32/bin/../lib/gcc/nios2-elf/4.1.2\libgcc.a(lib2-divmod.o)
 .comment       0x00000000       0x27 ../memory_test_bsp/\libhal_bsp.a(alt_load.o)
 .comment       0x00000000       0x27 ../memory_test_bsp/\libhal_bsp.a(alt_main.o)
 .comment       0x00000000       0x27 ../memory_test_bsp/\libhal_bsp.a(alt_write.o)
 .comment       0x00000000       0x27 ../memory_test_bsp/\libhal_bsp.a(alt_sys_init.o)
 .comment       0x00000000       0x27 ../memory_test_bsp/\libhal_bsp.a(altera_avalon_jtag_uart_write.o)
 .comment       0x00000000       0x27 ../memory_test_bsp/\libhal_bsp.a(alt_dcache_flush_all.o)
 .comment       0x00000000       0x27 ../memory_test_bsp/\libhal_bsp.a(alt_errno.o)
 .comment       0x00000000       0x27 ../memory_test_bsp/\libhal_bsp.a(alt_icache_flush_all.o)
 .comment       0x00000000       0x27 ../memory_test_bsp/\libhal_bsp.a(altera_nios2_qsys_irq.o)
 .comment       0x00000000       0x27 ../memory_test_bsp/\libhal_bsp.a(alt_icache_flush.o)

.debug
 *(.debug)

.line
 *(.line)

.debug_srcinfo
 *(.debug_srcinfo)

.debug_sfnames
 *(.debug_sfnames)

.debug_aranges  0x00000000      0x248
 *(.debug_aranges)
 .debug_aranges
                0x00000000       0x28 ../memory_test_bsp//obj/HAL/src/crt0.o
 .debug_aranges
                0x00000028       0x20 obj/default/hello_world.o
 .debug_aranges
                0x00000048       0x20 c:/altera/13.0sp1/nios2eds/bin/gnu/h-i686-mingw32/bin/../lib/gcc/nios2-elf/4.1.2/../../../../nios2-elf/lib\libsmallc.a(lib_a-printf.o)
 .debug_aranges
                0x00000068       0x20 c:/altera/13.0sp1/nios2eds/bin/gnu/h-i686-mingw32/bin/../lib/gcc/nios2-elf/4.1.2/../../../../nios2-elf/lib\libsmallc.a(lib_a-puts.o)
 .debug_aranges
                0x00000088       0x20 c:/altera/13.0sp1/nios2eds/bin/gnu/h-i686-mingw32/bin/../lib/gcc/nios2-elf/4.1.2/../../../../nios2-elf/lib\libsmallc.a(lib_a-strlen.o)
 .debug_aranges
                0x000000a8       0x20 c:/altera/13.0sp1/nios2eds/bin/gnu/h-i686-mingw32/bin/../lib/gcc/nios2-elf/4.1.2/../../../../nios2-elf/lib\libsmallc.a(lib_a-vfprintf.o)
 .debug_aranges
                0x000000c8       0x20 c:/altera/13.0sp1/nios2eds/bin/gnu/h-i686-mingw32/bin/../lib/gcc/nios2-elf/4.1.2/../../../../nios2-elf/lib\libsmallc.a(lib_a-fvwrite_small_dev.o)
 .debug_aranges
                0x000000e8       0x20 c:/altera/13.0sp1/nios2eds/bin/gnu/h-i686-mingw32/bin/../lib/gcc/nios2-elf/4.1.2/../../../../nios2-elf/lib\libsmallc.a(lib_a-writer.o)
 .debug_aranges
                0x00000108       0x20 c:/altera/13.0sp1/nios2eds/bin/gnu/h-i686-mingw32/bin/../lib/gcc/nios2-elf/4.1.2\libgcc.a(lib2-divmod.o)
 .debug_aranges
                0x00000128       0x20 ../memory_test_bsp/\libhal_bsp.a(alt_load.o)
 .debug_aranges
                0x00000148       0x20 ../memory_test_bsp/\libhal_bsp.a(alt_main.o)
 .debug_aranges
                0x00000168       0x20 ../memory_test_bsp/\libhal_bsp.a(alt_write.o)
 .debug_aranges
                0x00000188       0x20 ../memory_test_bsp/\libhal_bsp.a(alt_sys_init.o)
 .debug_aranges
                0x000001a8       0x20 ../memory_test_bsp/\libhal_bsp.a(altera_avalon_jtag_uart_write.o)
 .debug_aranges
                0x000001c8       0x20 ../memory_test_bsp/\libhal_bsp.a(alt_dcache_flush_all.o)
 .debug_aranges
                0x000001e8       0x20 ../memory_test_bsp/\libhal_bsp.a(alt_icache_flush_all.o)
 .debug_aranges
                0x00000208       0x20 ../memory_test_bsp/\libhal_bsp.a(altera_nios2_qsys_irq.o)
 .debug_aranges
                0x00000228       0x20 ../memory_test_bsp/\libhal_bsp.a(alt_icache_flush.o)

.debug_pubnames
                0x00000000      0x3f5
 *(.debug_pubnames)
 .debug_pubnames
                0x00000000       0x93 obj/default/hello_world.o
 .debug_pubnames
                0x00000093       0x2b c:/altera/13.0sp1/nios2eds/bin/gnu/h-i686-mingw32/bin/../lib/gcc/nios2-elf/4.1.2/../../../../nios2-elf/lib\libsmallc.a(lib_a-printf.o)
 .debug_pubnames
                0x000000be       0x27 c:/altera/13.0sp1/nios2eds/bin/gnu/h-i686-mingw32/bin/../lib/gcc/nios2-elf/4.1.2/../../../../nios2-elf/lib\libsmallc.a(lib_a-puts.o)
 .debug_pubnames
                0x000000e5       0x1d c:/altera/13.0sp1/nios2eds/bin/gnu/h-i686-mingw32/bin/../lib/gcc/nios2-elf/4.1.2/../../../../nios2-elf/lib\libsmallc.a(lib_a-strlen.o)
 .debug_pubnames
                0x00000102       0x45 c:/altera/13.0sp1/nios2eds/bin/gnu/h-i686-mingw32/bin/../lib/gcc/nios2-elf/4.1.2/../../../../nios2-elf/lib\libsmallc.a(lib_a-vfprintf.o)
 .debug_pubnames
                0x00000147       0x2b c:/altera/13.0sp1/nios2eds/bin/gnu/h-i686-mingw32/bin/../lib/gcc/nios2-elf/4.1.2/../../../../nios2-elf/lib\libsmallc.a(lib_a-fvwrite_small_dev.o)
 .debug_pubnames
                0x00000172       0x39 c:/altera/13.0sp1/nios2eds/bin/gnu/h-i686-mingw32/bin/../lib/gcc/nios2-elf/4.1.2/../../../../nios2-elf/lib\libsmallc.a(lib_a-impure.o)
 .debug_pubnames
                0x000001ab       0x1f c:/altera/13.0sp1/nios2eds/bin/gnu/h-i686-mingw32/bin/../lib/gcc/nios2-elf/4.1.2/../../../../nios2-elf/lib\libsmallc.a(lib_a-writer.o)
 .debug_pubnames
                0x000001ca       0x1c c:/altera/13.0sp1/nios2eds/bin/gnu/h-i686-mingw32/bin/../lib/gcc/nios2-elf/4.1.2/../../../../nios2-elf/lib\libsmallc.a(lib_a-int_errno.o)
 .debug_pubnames
                0x000001e6       0x48 c:/altera/13.0sp1/nios2eds/bin/gnu/h-i686-mingw32/bin/../lib/gcc/nios2-elf/4.1.2\libgcc.a(lib2-divmod.o)
 .debug_pubnames
                0x0000022e       0x1f ../memory_test_bsp/\libhal_bsp.a(alt_load.o)
 .debug_pubnames
                0x0000024d       0x46 ../memory_test_bsp/\libhal_bsp.a(alt_main.o)
 .debug_pubnames
                0x00000293       0x1c ../memory_test_bsp/\libhal_bsp.a(alt_write.o)
 .debug_pubnames
                0x000002af       0x44 ../memory_test_bsp/\libhal_bsp.a(alt_sys_init.o)
 .debug_pubnames
                0x000002f3       0x34 ../memory_test_bsp/\libhal_bsp.a(altera_avalon_jtag_uart_write.o)
 .debug_pubnames
                0x00000327       0x2b ../memory_test_bsp/\libhal_bsp.a(alt_dcache_flush_all.o)
 .debug_pubnames
                0x00000352       0x20 ../memory_test_bsp/\libhal_bsp.a(alt_errno.o)
 .debug_pubnames
                0x00000372       0x2b ../memory_test_bsp/\libhal_bsp.a(alt_icache_flush_all.o)
 .debug_pubnames
                0x0000039d       0x31 ../memory_test_bsp/\libhal_bsp.a(altera_nios2_qsys_irq.o)
 .debug_pubnames
                0x000003ce       0x27 ../memory_test_bsp/\libhal_bsp.a(alt_icache_flush.o)

.debug_info     0x00000000     0x4570
 *(.debug_info .gnu.linkonce.wi.*)
 .debug_info    0x00000000       0x79 ../memory_test_bsp//obj/HAL/src/crt0.o
 .debug_info    0x00000079      0x25d obj/default/hello_world.o
 .debug_info    0x000002d6      0x6c8 c:/altera/13.0sp1/nios2eds/bin/gnu/h-i686-mingw32/bin/../lib/gcc/nios2-elf/4.1.2/../../../../nios2-elf/lib\libsmallc.a(lib_a-printf.o)
 .debug_info    0x0000099e      0x685 c:/altera/13.0sp1/nios2eds/bin/gnu/h-i686-mingw32/bin/../lib/gcc/nios2-elf/4.1.2/../../../../nios2-elf/lib\libsmallc.a(lib_a-puts.o)
 .debug_info    0x00001023       0xc2 c:/altera/13.0sp1/nios2eds/bin/gnu/h-i686-mingw32/bin/../lib/gcc/nios2-elf/4.1.2/../../../../nios2-elf/lib\libsmallc.a(lib_a-strlen.o)
 .debug_info    0x000010e5      0x9b5 c:/altera/13.0sp1/nios2eds/bin/gnu/h-i686-mingw32/bin/../lib/gcc/nios2-elf/4.1.2/../../../../nios2-elf/lib\libsmallc.a(lib_a-vfprintf.o)
 .debug_info    0x00001a9a      0x68e c:/altera/13.0sp1/nios2eds/bin/gnu/h-i686-mingw32/bin/../lib/gcc/nios2-elf/4.1.2/../../../../nios2-elf/lib\libsmallc.a(lib_a-fvwrite_small_dev.o)
 .debug_info    0x00002128      0x636 c:/altera/13.0sp1/nios2eds/bin/gnu/h-i686-mingw32/bin/../lib/gcc/nios2-elf/4.1.2/../../../../nios2-elf/lib\libsmallc.a(lib_a-impure.o)
 .debug_info    0x0000275e      0x68c c:/altera/13.0sp1/nios2eds/bin/gnu/h-i686-mingw32/bin/../lib/gcc/nios2-elf/4.1.2/../../../../nios2-elf/lib\libsmallc.a(lib_a-writer.o)
 .debug_info    0x00002dea       0x8c c:/altera/13.0sp1/nios2eds/bin/gnu/h-i686-mingw32/bin/../lib/gcc/nios2-elf/4.1.2/../../../../nios2-elf/lib\libsmallc.a(lib_a-int_errno.o)
 .debug_info    0x00002e76      0x21c c:/altera/13.0sp1/nios2eds/bin/gnu/h-i686-mingw32/bin/../lib/gcc/nios2-elf/4.1.2\libgcc.a(lib2-divmod.o)
 .debug_info    0x00003092      0x28b ../memory_test_bsp/\libhal_bsp.a(alt_load.o)
 .debug_info    0x0000331d      0x254 ../memory_test_bsp/\libhal_bsp.a(alt_main.o)
 .debug_info    0x00003571      0x27a ../memory_test_bsp/\libhal_bsp.a(alt_write.o)
 .debug_info    0x000037eb      0x2fb ../memory_test_bsp/\libhal_bsp.a(alt_sys_init.o)
 .debug_info    0x00003ae6      0x317 ../memory_test_bsp/\libhal_bsp.a(altera_avalon_jtag_uart_write.o)
 .debug_info    0x00003dfd      0x16d ../memory_test_bsp/\libhal_bsp.a(alt_dcache_flush_all.o)
 .debug_info    0x00003f6a      0x162 ../memory_test_bsp/\libhal_bsp.a(alt_errno.o)
 .debug_info    0x000040cc      0x15a ../memory_test_bsp/\libhal_bsp.a(alt_icache_flush_all.o)
 .debug_info    0x00004226      0x1a8 ../memory_test_bsp/\libhal_bsp.a(altera_nios2_qsys_irq.o)
 .debug_info    0x000043ce      0x1a2 ../memory_test_bsp/\libhal_bsp.a(alt_icache_flush.o)

.debug_abbrev   0x00000000     0x1104
 *(.debug_abbrev)
 .debug_abbrev  0x00000000       0x12 ../memory_test_bsp//obj/HAL/src/crt0.o
 .debug_abbrev  0x00000012       0x7c obj/default/hello_world.o
 .debug_abbrev  0x0000008e      0x179 c:/altera/13.0sp1/nios2eds/bin/gnu/h-i686-mingw32/bin/../lib/gcc/nios2-elf/4.1.2/../../../../nios2-elf/lib\libsmallc.a(lib_a-printf.o)
 .debug_abbrev  0x00000207      0x180 c:/altera/13.0sp1/nios2eds/bin/gnu/h-i686-mingw32/bin/../lib/gcc/nios2-elf/4.1.2/../../../../nios2-elf/lib\libsmallc.a(lib_a-puts.o)
 .debug_abbrev  0x00000387       0x7a c:/altera/13.0sp1/nios2eds/bin/gnu/h-i686-mingw32/bin/../lib/gcc/nios2-elf/4.1.2/../../../../nios2-elf/lib\libsmallc.a(lib_a-strlen.o)
 .debug_abbrev  0x00000401      0x263 c:/altera/13.0sp1/nios2eds/bin/gnu/h-i686-mingw32/bin/../lib/gcc/nios2-elf/4.1.2/../../../../nios2-elf/lib\libsmallc.a(lib_a-vfprintf.o)
 .debug_abbrev  0x00000664      0x179 c:/altera/13.0sp1/nios2eds/bin/gnu/h-i686-mingw32/bin/../lib/gcc/nios2-elf/4.1.2/../../../../nios2-elf/lib\libsmallc.a(lib_a-fvwrite_small_dev.o)
 .debug_abbrev  0x000007dd      0x13f c:/altera/13.0sp1/nios2eds/bin/gnu/h-i686-mingw32/bin/../lib/gcc/nios2-elf/4.1.2/../../../../nios2-elf/lib\libsmallc.a(lib_a-impure.o)
 .debug_abbrev  0x0000091c      0x16c c:/altera/13.0sp1/nios2eds/bin/gnu/h-i686-mingw32/bin/../lib/gcc/nios2-elf/4.1.2/../../../../nios2-elf/lib\libsmallc.a(lib_a-writer.o)
 .debug_abbrev  0x00000a88       0x3b c:/altera/13.0sp1/nios2eds/bin/gnu/h-i686-mingw32/bin/../lib/gcc/nios2-elf/4.1.2/../../../../nios2-elf/lib\libsmallc.a(lib_a-int_errno.o)
 .debug_abbrev  0x00000ac3       0xe0 c:/altera/13.0sp1/nios2eds/bin/gnu/h-i686-mingw32/bin/../lib/gcc/nios2-elf/4.1.2\libgcc.a(lib2-divmod.o)
 .debug_abbrev  0x00000ba3       0x88 ../memory_test_bsp/\libhal_bsp.a(alt_load.o)
 .debug_abbrev  0x00000c2b       0xad ../memory_test_bsp/\libhal_bsp.a(alt_main.o)
 .debug_abbrev  0x00000cd8       0xc3 ../memory_test_bsp/\libhal_bsp.a(alt_write.o)
 .debug_abbrev  0x00000d9b       0xe3 ../memory_test_bsp/\libhal_bsp.a(alt_sys_init.o)
 .debug_abbrev  0x00000e7e       0xb4 ../memory_test_bsp/\libhal_bsp.a(altera_avalon_jtag_uart_write.o)
 .debug_abbrev  0x00000f32       0x57 ../memory_test_bsp/\libhal_bsp.a(alt_dcache_flush_all.o)
 .debug_abbrev  0x00000f89       0x5e ../memory_test_bsp/\libhal_bsp.a(alt_errno.o)
 .debug_abbrev  0x00000fe7       0x3f ../memory_test_bsp/\libhal_bsp.a(alt_icache_flush_all.o)
 .debug_abbrev  0x00001026       0x64 ../memory_test_bsp/\libhal_bsp.a(altera_nios2_qsys_irq.o)
 .debug_abbrev  0x0000108a       0x7a ../memory_test_bsp/\libhal_bsp.a(alt_icache_flush.o)

.debug_line     0x00000000     0x3319
 *(.debug_line)
 .debug_line    0x00000000       0x72 ../memory_test_bsp//obj/HAL/src/crt0.o
 .debug_line    0x00000072      0x2eb obj/default/hello_world.o
 .debug_line    0x0000035d      0x2bb c:/altera/13.0sp1/nios2eds/bin/gnu/h-i686-mingw32/bin/../lib/gcc/nios2-elf/4.1.2/../../../../nios2-elf/lib\libsmallc.a(lib_a-printf.o)
 .debug_line    0x00000618      0x2af c:/altera/13.0sp1/nios2eds/bin/gnu/h-i686-mingw32/bin/../lib/gcc/nios2-elf/4.1.2/../../../../nios2-elf/lib\libsmallc.a(lib_a-puts.o)
 .debug_line    0x000008c7      0x24d c:/altera/13.0sp1/nios2eds/bin/gnu/h-i686-mingw32/bin/../lib/gcc/nios2-elf/4.1.2/../../../../nios2-elf/lib\libsmallc.a(lib_a-strlen.o)
 .debug_line    0x00000b14      0x62c c:/altera/13.0sp1/nios2eds/bin/gnu/h-i686-mingw32/bin/../lib/gcc/nios2-elf/4.1.2/../../../../nios2-elf/lib\libsmallc.a(lib_a-vfprintf.o)
 .debug_line    0x00001140      0x2a6 c:/altera/13.0sp1/nios2eds/bin/gnu/h-i686-mingw32/bin/../lib/gcc/nios2-elf/4.1.2/../../../../nios2-elf/lib\libsmallc.a(lib_a-fvwrite_small_dev.o)
 .debug_line    0x000013e6      0x22d c:/altera/13.0sp1/nios2eds/bin/gnu/h-i686-mingw32/bin/../lib/gcc/nios2-elf/4.1.2/../../../../nios2-elf/lib\libsmallc.a(lib_a-impure.o)
 .debug_line    0x00001613      0x29a c:/altera/13.0sp1/nios2eds/bin/gnu/h-i686-mingw32/bin/../lib/gcc/nios2-elf/4.1.2/../../../../nios2-elf/lib\libsmallc.a(lib_a-writer.o)
 .debug_line    0x000018ad      0x1df c:/altera/13.0sp1/nios2eds/bin/gnu/h-i686-mingw32/bin/../lib/gcc/nios2-elf/4.1.2/../../../../nios2-elf/lib\libsmallc.a(lib_a-int_errno.o)
 .debug_line    0x00001a8c      0x24f c:/altera/13.0sp1/nios2eds/bin/gnu/h-i686-mingw32/bin/../lib/gcc/nios2-elf/4.1.2\libgcc.a(lib2-divmod.o)
 .debug_line    0x00001cdb      0x217 ../memory_test_bsp/\libhal_bsp.a(alt_load.o)
 .debug_line    0x00001ef2      0x2be ../memory_test_bsp/\libhal_bsp.a(alt_main.o)
 .debug_line    0x000021b0      0x29f ../memory_test_bsp/\libhal_bsp.a(alt_write.o)
 .debug_line    0x0000244f      0x29b ../memory_test_bsp/\libhal_bsp.a(alt_sys_init.o)
 .debug_line    0x000026ea      0x31b ../memory_test_bsp/\libhal_bsp.a(altera_avalon_jtag_uart_write.o)
 .debug_line    0x00002a05      0x1cd ../memory_test_bsp/\libhal_bsp.a(alt_dcache_flush_all.o)
 .debug_line    0x00002bd2      0x1aa ../memory_test_bsp/\libhal_bsp.a(alt_errno.o)
 .debug_line    0x00002d7c      0x1bd ../memory_test_bsp/\libhal_bsp.a(alt_icache_flush_all.o)
 .debug_line    0x00002f39      0x1e7 ../memory_test_bsp/\libhal_bsp.a(altera_nios2_qsys_irq.o)
 .debug_line    0x00003120      0x1f9 ../memory_test_bsp/\libhal_bsp.a(alt_icache_flush.o)

.debug_frame    0x00000000      0x3d8
 *(.debug_frame)
 .debug_frame   0x00000000       0x2c obj/default/hello_world.o
 .debug_frame   0x0000002c       0x40 c:/altera/13.0sp1/nios2eds/bin/gnu/h-i686-mingw32/bin/../lib/gcc/nios2-elf/4.1.2/../../../../nios2-elf/lib\libsmallc.a(lib_a-printf.o)
 .debug_frame   0x0000006c       0x3c c:/altera/13.0sp1/nios2eds/bin/gnu/h-i686-mingw32/bin/../lib/gcc/nios2-elf/4.1.2/../../../../nios2-elf/lib\libsmallc.a(lib_a-puts.o)
 .debug_frame   0x000000a8       0x20 c:/altera/13.0sp1/nios2eds/bin/gnu/h-i686-mingw32/bin/../lib/gcc/nios2-elf/4.1.2/../../../../nios2-elf/lib\libsmallc.a(lib_a-strlen.o)
 .debug_frame   0x000000c8       0x64 c:/altera/13.0sp1/nios2eds/bin/gnu/h-i686-mingw32/bin/../lib/gcc/nios2-elf/4.1.2/../../../../nios2-elf/lib\libsmallc.a(lib_a-vfprintf.o)
 .debug_frame   0x0000012c       0x30 c:/altera/13.0sp1/nios2eds/bin/gnu/h-i686-mingw32/bin/../lib/gcc/nios2-elf/4.1.2/../../../../nios2-elf/lib\libsmallc.a(lib_a-fvwrite_small_dev.o)
 .debug_frame   0x0000015c       0x2c c:/altera/13.0sp1/nios2eds/bin/gnu/h-i686-mingw32/bin/../lib/gcc/nios2-elf/4.1.2/../../../../nios2-elf/lib\libsmallc.a(lib_a-writer.o)
 .debug_frame   0x00000188       0x70 c:/altera/13.0sp1/nios2eds/bin/gnu/h-i686-mingw32/bin/../lib/gcc/nios2-elf/4.1.2\libgcc.a(lib2-divmod.o)
 .debug_frame   0x000001f8       0x48 ../memory_test_bsp/\libhal_bsp.a(alt_load.o)
 .debug_frame   0x00000240       0x2c ../memory_test_bsp/\libhal_bsp.a(alt_main.o)
 .debug_frame   0x0000026c       0x48 ../memory_test_bsp/\libhal_bsp.a(alt_write.o)
 .debug_frame   0x000002b4       0x48 ../memory_test_bsp/\libhal_bsp.a(alt_sys_init.o)
 .debug_frame   0x000002fc       0x2c ../memory_test_bsp/\libhal_bsp.a(altera_avalon_jtag_uart_write.o)
 .debug_frame   0x00000328       0x2c ../memory_test_bsp/\libhal_bsp.a(alt_dcache_flush_all.o)
 .debug_frame   0x00000354       0x2c ../memory_test_bsp/\libhal_bsp.a(alt_icache_flush_all.o)
 .debug_frame   0x00000380       0x2c ../memory_test_bsp/\libhal_bsp.a(altera_nios2_qsys_irq.o)
 .debug_frame   0x000003ac       0x2c ../memory_test_bsp/\libhal_bsp.a(alt_icache_flush.o)

.debug_str      0x00000000      0xa2d
 *(.debug_str)
 .debug_str     0x00000000       0x12 obj/default/hello_world.o
 .debug_str     0x00000012      0x3f8 c:/altera/13.0sp1/nios2eds/bin/gnu/h-i686-mingw32/bin/../lib/gcc/nios2-elf/4.1.2/../../../../nios2-elf/lib\libsmallc.a(lib_a-printf.o)
                                0x458 (size before relaxing)
 .debug_str     0x0000040a       0x45 c:/altera/13.0sp1/nios2eds/bin/gnu/h-i686-mingw32/bin/../lib/gcc/nios2-elf/4.1.2/../../../../nios2-elf/lib\libsmallc.a(lib_a-puts.o)
                                0x442 (size before relaxing)
 .debug_str     0x0000044f       0xda c:/altera/13.0sp1/nios2eds/bin/gnu/h-i686-mingw32/bin/../lib/gcc/nios2-elf/4.1.2/../../../../nios2-elf/lib\libsmallc.a(lib_a-strlen.o)
                                0x176 (size before relaxing)
 .debug_str     0x00000529      0x165 c:/altera/13.0sp1/nios2eds/bin/gnu/h-i686-mingw32/bin/../lib/gcc/nios2-elf/4.1.2/../../../../nios2-elf/lib\libsmallc.a(lib_a-vfprintf.o)
                                0x5a1 (size before relaxing)
 .debug_str     0x0000068e       0x6d c:/altera/13.0sp1/nios2eds/bin/gnu/h-i686-mingw32/bin/../lib/gcc/nios2-elf/4.1.2/../../../../nios2-elf/lib\libsmallc.a(lib_a-fvwrite_small_dev.o)
                                0x45c (size before relaxing)
 .debug_str     0x000006fb       0xea c:/altera/13.0sp1/nios2eds/bin/gnu/h-i686-mingw32/bin/../lib/gcc/nios2-elf/4.1.2/../../../../nios2-elf/lib\libsmallc.a(lib_a-impure.o)
                                0x44f (size before relaxing)
 .debug_str     0x000007e5       0x4c c:/altera/13.0sp1/nios2eds/bin/gnu/h-i686-mingw32/bin/../lib/gcc/nios2-elf/4.1.2/../../../../nios2-elf/lib\libsmallc.a(lib_a-writer.o)
                                0x443 (size before relaxing)
 .debug_str     0x00000831       0x3d c:/altera/13.0sp1/nios2eds/bin/gnu/h-i686-mingw32/bin/../lib/gcc/nios2-elf/4.1.2/../../../../nios2-elf/lib\libsmallc.a(lib_a-int_errno.o)
                                0x169 (size before relaxing)
 .debug_str     0x0000086e      0x10b c:/altera/13.0sp1/nios2eds/bin/gnu/h-i686-mingw32/bin/../lib/gcc/nios2-elf/4.1.2\libgcc.a(lib2-divmod.o)
                                0x1b4 (size before relaxing)
 .debug_str     0x00000979       0x12 ../memory_test_bsp/\libhal_bsp.a(alt_load.o)
 .debug_str     0x0000098b       0x12 ../memory_test_bsp/\libhal_bsp.a(alt_main.o)
 .debug_str     0x0000099d       0x12 ../memory_test_bsp/\libhal_bsp.a(alt_write.o)
 .debug_str     0x000009af       0x12 ../memory_test_bsp/\libhal_bsp.a(alt_sys_init.o)
 .debug_str     0x000009c1       0x12 ../memory_test_bsp/\libhal_bsp.a(altera_avalon_jtag_uart_write.o)
 .debug_str     0x000009d3       0x12 ../memory_test_bsp/\libhal_bsp.a(alt_dcache_flush_all.o)
 .debug_str     0x000009e5       0x12 ../memory_test_bsp/\libhal_bsp.a(alt_errno.o)
 .debug_str     0x000009f7       0x12 ../memory_test_bsp/\libhal_bsp.a(alt_icache_flush_all.o)
 .debug_str     0x00000a09       0x12 ../memory_test_bsp/\libhal_bsp.a(altera_nios2_qsys_irq.o)
 .debug_str     0x00000a1b       0x12 ../memory_test_bsp/\libhal_bsp.a(alt_icache_flush.o)

.debug_loc      0x00000000      0xeba
 *(.debug_loc)
 .debug_loc     0x00000000       0x2b obj/default/hello_world.o
 .debug_loc     0x0000002b       0x8d c:/altera/13.0sp1/nios2eds/bin/gnu/h-i686-mingw32/bin/../lib/gcc/nios2-elf/4.1.2/../../../../nios2-elf/lib\libsmallc.a(lib_a-printf.o)
 .debug_loc     0x000000b8       0xa2 c:/altera/13.0sp1/nios2eds/bin/gnu/h-i686-mingw32/bin/../lib/gcc/nios2-elf/4.1.2/../../../../nios2-elf/lib\libsmallc.a(lib_a-puts.o)
 .debug_loc     0x0000015a       0x1e c:/altera/13.0sp1/nios2eds/bin/gnu/h-i686-mingw32/bin/../lib/gcc/nios2-elf/4.1.2/../../../../nios2-elf/lib\libsmallc.a(lib_a-strlen.o)
 .debug_loc     0x00000178      0x773 c:/altera/13.0sp1/nios2eds/bin/gnu/h-i686-mingw32/bin/../lib/gcc/nios2-elf/4.1.2/../../../../nios2-elf/lib\libsmallc.a(lib_a-vfprintf.o)
 .debug_loc     0x000008eb      0x162 c:/altera/13.0sp1/nios2eds/bin/gnu/h-i686-mingw32/bin/../lib/gcc/nios2-elf/4.1.2/../../../../nios2-elf/lib\libsmallc.a(lib_a-fvwrite_small_dev.o)
 .debug_loc     0x00000a4d       0x97 c:/altera/13.0sp1/nios2eds/bin/gnu/h-i686-mingw32/bin/../lib/gcc/nios2-elf/4.1.2/../../../../nios2-elf/lib\libsmallc.a(lib_a-writer.o)
 .debug_loc     0x00000ae4      0x1d2 c:/altera/13.0sp1/nios2eds/bin/gnu/h-i686-mingw32/bin/../lib/gcc/nios2-elf/4.1.2\libgcc.a(lib2-divmod.o)
 .debug_loc     0x00000cb6       0x56 ../memory_test_bsp/\libhal_bsp.a(alt_load.o)
 .debug_loc     0x00000d0c       0x2b ../memory_test_bsp/\libhal_bsp.a(alt_main.o)
 .debug_loc     0x00000d37       0x56 ../memory_test_bsp/\libhal_bsp.a(alt_write.o)
 .debug_loc     0x00000d8d       0x56 ../memory_test_bsp/\libhal_bsp.a(alt_sys_init.o)
 .debug_loc     0x00000de3       0x2b ../memory_test_bsp/\libhal_bsp.a(altera_avalon_jtag_uart_write.o)
 .debug_loc     0x00000e0e       0x2b ../memory_test_bsp/\libhal_bsp.a(alt_dcache_flush_all.o)
 .debug_loc     0x00000e39       0x2b ../memory_test_bsp/\libhal_bsp.a(alt_icache_flush_all.o)
 .debug_loc     0x00000e64       0x2b ../memory_test_bsp/\libhal_bsp.a(altera_nios2_qsys_irq.o)
 .debug_loc     0x00000e8f       0x2b ../memory_test_bsp/\libhal_bsp.a(alt_icache_flush.o)

.debug_macinfo
 *(.debug_macinfo)

.debug_weaknames
 *(.debug_weaknames)

.debug_funcnames
 *(.debug_funcnames)

.debug_typenames
 *(.debug_typenames)

.debug_varnames
 *(.debug_varnames)

.debug_alt_sim_info
                0x00000000       0x30
 *(.debug_alt_sim_info)
 .debug_alt_sim_info
                0x00000000       0x30 ../memory_test_bsp//obj/HAL/src/crt0.o
                0x00110000                __alt_data_end = 0x110000
                0x00110000                PROVIDE (__alt_stack_pointer, __alt_data_end)
                0x00109558                PROVIDE (__alt_stack_limit, __alt_stack_base)
                0x00109558                PROVIDE (__alt_heap_start, end)
                0x00110000                PROVIDE (__alt_heap_limit, 0x110000)
OUTPUT(memory_test.elf elf32-littlenios2)

.debug_ranges   0x00000000      0x160
 .debug_ranges  0x00000000       0x20 ../memory_test_bsp//obj/HAL/src/crt0.o
 .debug_ranges  0x00000020      0x140 c:/altera/13.0sp1/nios2eds/bin/gnu/h-i686-mingw32/bin/../lib/gcc/nios2-elf/4.1.2/../../../../nios2-elf/lib\libsmallc.a(lib_a-vfprintf.o)
